Script started on 2021-02-18 10:04:37-05:00 [TERM="xterm-256color" TTY="/dev/pts/0" COLUMNS="127" LINES="41"]
kmoshie1@remote05:/import/linux/home1/kmoshie1/tmp/lab0$ cd ~
kmoshie1@remote05:~$ ls[K[Kls .ssh
authorized_keys  id_rsa  id_rsa.pub  known_hosts
kmoshie1@remote05:~$ mkdir -p projects
kmoshie1@remote05:~$ cd projects/
kmoshie1@remote05:~/projects$ ls
kmoshie1@remote05:~/projects$ git clone ssh://user@remote.cs.binghamton.edu/~umrigar/git-repos/cs471.git[C[1P@remote.cs.binghamton.edu/~umrigar/git-repos/cs471.git[C[C[C[C[C[C[C[C[C[C[C[C[C[C[C[C[C[C[C[C[C[C[C[C[C[C[C[C[C[C[C[C[C[C[C[C[C[C[C[C[C[C[C[C[C[C[C[C[C[1P@remote.cs.binghamton.edu/~umrigar/git-repos/cs471.git[C[C[C[C[C[C[C[C[C[C[C[C[C[C[C[C[C[C[C[C[C[C[C[C[C[C[C[C[C[C[C[C[C[C[C[C[C[C[C[C[C[C[C[C[C[C[C[C[1P@remote.cs.binghamton.edu/~umrigar/git-repos/cs471.git[C[C[C[C[C[C[C[C[C[C[C[C[C[C[C[C[C[C[C[C[C[C[C[C[C[C[C[C[C[C[C[C[C[C[C[C[C[C[C[C[C[C[C[C[C[C[C[1P@remote.cs.binghamton.edu/~umrigar/git-repos/cs471.git[C[C[C[C[C[C[C[C[C[C[C[C[C[C[C[C[C[C[C[C[C[C[C[C[C[C[C[C[C[C[C[C[C[C[C[C[C[C[C[C[C[C[C[C[C[Ck@remote.cs.binghamton.edu/~umrigar/git-repos/cs471.git[C[C[C[C[C[C[C[C[C[C[C[C[C[C[C[C[C[C[C[C[C[C[C[C[C[C[C[C[C[C[C[C[C[C[C[C[C[C[C[C[C[C[C[C[C[C[Cm@remote.cs.binghamton.edu/~umrigar/git-repos/cs471.git[C[C[C[C[C[C[C[C[C[C[C[C[C[C[C[C[C[C[C[C[C[C[C[C[C[C[C[C[C[C[C[C[C[C[C[C[C[C[C[C[C[C[C[C[C[C[C[Co@remote.cs.binghamton.edu/~umrigar/git-repos/cs471.git[C[C[C[C[C[C[C[C[C[C[C[C[C[C[C[C[C[C[C[C[C[C[C[C[C[C[C[C[C[C[C[C[C[C[C[C[C[C[C[C[C[C[C[C[C[C[C[C[Cs@remote.cs.binghamton.edu/~umrigar/git-repos/cs471.git[C[C[C[C[C[C[C[C[C[C[C[C[C[C[C[C[C[C[C[C[C[C[C[C[C[C[C[C[C[C[C[C[C[C[C[C[C[C[C[C[C[C[C[C[C[C[C[C[C[Ch@remote.cs.binghamton.edu/~umrigar/git-repos/cs471.git[C[C[C[C[C[C[C[C[C[C[C[C[C[C[C[C[C[C[C[C[C[C[C[C[C[C[C[C[C[C[C[C[C[C[C[C[C[C[C[C[C[C[C[C[C[C[C[C[C[C[Ci@remote.cs.binghamton.edu/~umrigar/git-repos/cs471.git[C[C[C[C[C[C[C[C[C[C[C[C[C[C[C[C[C[C[C[C[C[C[C[C[C[C[C[C[C[C[C[C[C[C[C[C[C[C[C[C[C[C[C[C[C[C[C[C[C[C[C[Ce@remote.cs.binghamton.edu/~umrigar/git-repos/cs471.git1@remote.cs.binghamton.edu/~umrigar/git-repos/cs471.git[C
Cloning into 'cs471'...
kex_exchange_identification: Connection closed by remote host
Connection closed by 128.226.114.197 port 22
fatal: Could not read from remote repository.

Please make sure you have the correct access rights
and the repository exists.
kmoshie1@remote05:~/projects$ ls
kmoshie1@remote05:~/projects$ git clone https://zdu.binghamton.edu/cs471/[K[K[K[K[K[K[K[K[K[K[K[K[K[K[K[K[K[K[K[K[K[K[K[K[K[K[K[K[K[K[K[K[Kuser@remote.cs.binghamton.edu/~umrigar/git-repos/cs471.git[C[C[C[C[C[C[C[C[C[C[C[C[C[C[C[C[C[C[C[C[C[C[C[C[C[C[C[C[C[Cls[Kgit clone user@remote.cs.binghamton.edu/~umrigar/git-repos/cs471.git[1P@remote.cs.binghamton.edu/~umrigar/git-repos/cs471.git[C[C[C[C[C[C[C[C[C[C[C[C[C[C[C[C[C[C[C[C[C[C[C[C[C[C[C[C[C[C[C[C[C[C[C[C[C[C[C[C[C[C[C[1P@remote.cs.binghamton.edu/~umrigar/git-repos/cs471.git[C[C[C[C[C[C[C[C[C[C[C[C[C[C[C[C[C[C[C[C[C[C[C[C[C[C[C[C[C[C[C[C[C[C[C[C[C[C[C[C[C[C[1P@remote.cs.binghamton.edu/~umrigar/git-repos/cs471.git[C[C[C[C[C[C[C[C[C[C[C[C[C[C[C[C[C[C[C[C[C[C[C[C[C[C[C[C[C[C[C[C[C[C[C[C[C[C[C[C[C[1P@remote.cs.binghamton.edu/~umrigar/git-repos/cs471.git[C[C[C[C[C[C[C[C[C[C[C[C[C[C[C[C[C[C[C[C[C[C[C[C[C[C[C[C[C[C[C[C[C[C[C[C[C[C[C[Ck@remote.cs.binghamton.edu/~umrigar/git-repos/cs471.git[C[C[C[C[C[C[C[C[C[C[C[C[C[C[C[C[C[C[C[C[C[C[C[C[C[C[C[C[C[C[C[C[C[C[C[C[C[C[C[C[Cm@remote.cs.binghamton.edu/~umrigar/git-repos/cs471.git[C[C[C[C[C[C[C[C[C[C[C[C[C[C[C[C[C[C[C[C[C[C[C[C[C[C[C[C[C[C[C[C[C[C[C[C[C[C[C[C[C[Cs@remote.cs.binghamton.edu/~umrigar/git-repos/cs471.git[C[C[C[C[C[C[C[C[C[C[C[C[C[C[C[C[C[C[C[C[C[C[C[C[C[C[C[C[C[C[C[C[C[C[C[C[C[C[C[C[C[C[Ch@remote.cs.binghamton.edu/~umrigar/git-repos/cs471.git[C[C[C[C[C[C[C[C[C[C[C[C[C[C[C[C[C[C[C[C[C[C[C[C[C[C[C[C[C[C[C[C[C[C[C[C[C[C[C[C[C[C[C[Ci@remote.cs.binghamton.edu/~umrigar/git-repos/cs471.git[C[C[C[C[C[C[C[C[C[C[C[C[C[C[C[C[C[C[C[C[C[C[C[C[C[C[C[C[C[C[C[C[C[C[C[C[C[C[C[C[C[C[C[C[Ce@remote.cs.binghamton.edu/~umrigar/git-repos/cs471.git[C[C[C[C[C[C[C[C[C[C[C[C[C[C[C[C[C[C[C[C[C[C[C[C[C[C[C[C[C[C[C[C[C[C[C[C[C[C[C[C[C[C[C[C[C[C[1P@remote.cs.binghamton.edu/~umrigar/git-repos/cs471.git[C[C[C[C[C[C[C[C[C[C[C[C[C[C[C[C[C[C[C[C[C[C[C[C[C[C[C[C[C[C[C[C[C[C[C[C[C[C[C[C[C[C[C[C[C[1P@remote.cs.binghamton.edu/~umrigar/git-repos/cs471.git[C[C[C[C[C[C[C[C[C[C[C[C[C[C[C[C[C[C[C[C[C[C[C[C[C[C[C[C[C[C[C[C[C[C[C[C[C[C[C[C[C[C[C[C[1P@remote.cs.binghamton.edu/~umrigar/git-repos/cs471.git[C[C[C[C[C[C[C[C[C[C[C[C[C[C[C[C[C[C[C[C[C[C[C[C[C[C[C[C[C[C[C[C[C[C[C[C[C[C[C[C[C[C[C[1P@remote.cs.binghamton.edu/~umrigar/git-repos/cs471.git[C[C[C[C[C[C[C[C[C[C[C[C[C[C[C[C[C[C[C[C[C[C[C[C[C[C[C[C[C[C[C[C[C[C[C[C[C[C[C[C[C[Co@remote.cs.binghamton.edu/~umrigar/git-repos/cs471.git[C[C[C[C[C[C[C[C[C[C[C[C[C[C[C[C[C[C[C[C[C[C[C[C[C[C[C[C[C[C[C[C[C[C[C[C[C[C[C[C[C[C[Cs@remote.cs.binghamton.edu/~umrigar/git-repos/cs471.git[C[C[C[C[C[C[C[C[C[C[C[C[C[C[C[C[C[C[C[C[C[C[C[C[C[C[C[C[C[C[C[C[C[C[C[C[C[C[C[C[C[C[C[Ch@remote.cs.binghamton.edu/~umrigar/git-repos/cs471.git[C[C[C[C[C[C[C[C[C[C[C[C[C[C[C[C[C[C[C[C[C[C[C[C[C[C[C[C[C[C[C[C[C[C[C[C[C[C[C[C[C[C[C[C[Ci@remote.cs.binghamton.edu/~umrigar/git-repos/cs471.git[C[C[C[C[C[C[C[C[C[C[C[C[C[C[C[C[C[C[C[C[C[C[C[C[C[C[C[C[C[C[C[C[C[C[C[C[C[C[C[C[C[C[C[C[C[Ce@remote.cs.binghamton.edu/~umrigar/git-repos/cs471.git[C[C[C[C[C[C[C[C[C[C[C[C[C[C[C[C[C[C[C[C[C[C[C[C[C[C[C[C[C[C[C[C[C[C[C[C[C[C[C[C[C[C[C[C[C[C[C1@remote.cs.binghamton.edu/~umrigar/git-repos/cs471.git[C[C[C[C[C[C[C[C[C[C[C[C[C[C[C[C[C[C[C[C[C[C[C[C[C[C[C[C[C[C[C[C[C[C[C[C[C[C[C[C[C[C[C[C[C[C[C[C
fatal: repository 'kmoshie1@remote.cs.binghamton.edu/~umrigar/git-repos/cs471.git' does not exist
kmoshie1@remote05:~/projects$ git clone kmoshie1@remote.cs.binghamton.edu/~umrigar/git-repos/cs471.git[C[C[C[C[C[C[C[C[C[C[C[C[C[C[C[C[C[C[C[C[C[C[C[C[C[C[C[C[C[Cls[Kgit clone ssh://kmoshie1@remote.cs.binghamton.edu/~umrigar/git-repos/cs471.git[C[C[C[C[C[C[C[C[C[C[C[C[C[C[C[C[C[C[C[C[C[C[C[C[C[C[C[C[C[Cls[Kcd projects/ls[Kgit clone ssh://kmoshie1@remote.cs.binghamton.edu/~umrigar/git-repos/cs471.git
Cloning into 'cs471'...
remote: Enumerating objects: 404, done.[K
remote: Counting objects:   0% (1/404)[Kremote: Counting objects:   1% (5/404)[Kremote: Counting objects:   2% (9/404)[Kremote: Counting objects:   3% (13/404)[Kremote: Counting objects:   4% (17/404)[Kremote: Counting objects:   5% (21/404)[Kremote: Counting objects:   6% (25/404)[Kremote: Counting objects:   7% (29/404)[Kremote: Counting objects:   8% (33/404)[Kremote: Counting objects:   9% (37/404)[Kremote: Counting objects:  10% (41/404)[Kremote: Counting objects:  11% (45/404)[Kremote: Counting objects:  12% (49/404)[Kremote: Counting objects:  13% (53/404)[Kremote: Counting objects:  14% (57/404)[Kremote: Counting objects:  15% (61/404)[Kremote: Counting objects:  16% (65/404)[Kremote: Counting objects:  17% (69/404)[Kremote: Counting objects:  18% (73/404)[Kremote: Counting objects:  19% (77/404)[Kremote: Counting objects:  20% (81/404)[Kremote: Counting objects:  21% (85/404)[Kremote: Counting objects:  22% (89/404)[Kremote: Counting objects:  23% (93/404)[Kremote: Counting objects:  24% (97/404)[Kremote: Counting objects:  25% (101/404)[Kremote: Counting objects:  26% (106/404)[Kremote: Counting objects:  27% (110/404)[Kremote: Counting objects:  28% (114/404)[Kremote: Counting objects:  29% (118/404)[Kremote: Counting objects:  30% (122/404)[Kremote: Counting objects:  31% (126/404)[Kremote: Counting objects:  32% (130/404)[Kremote: Counting objects:  33% (134/404)[Kremote: Counting objects:  34% (138/404)[Kremote: Counting objects:  35% (142/404)[Kremote: Counting objects:  36% (146/404)[Kremote: Counting objects:  37% (150/404)[Kremote: Counting objects:  38% (154/404)[Kremote: Counting objects:  39% (158/404)[Kremote: Counting objects:  40% (162/404)[Kremote: Counting objects:  41% (166/404)[Kremote: Counting objects:  42% (170/404)[Kremote: Counting objects:  43% (174/404)[Kremote: Counting objects:  44% (178/404)[Kremote: Counting objects:  45% (182/404)[Kremote: Counting objects:  46% (186/404)[Kremote: Counting objects:  47% (190/404)[Kremote: Counting objects:  48% (194/404)[Kremote: Counting objects:  49% (198/404)[Kremote: Counting objects:  50% (202/404)[Kremote: Counting objects:  51% (207/404)[Kremote: Counting objects:  52% (211/404)[Kremote: Counting objects:  53% (215/404)[Kremote: Counting objects:  54% (219/404)[Kremote: Counting objects:  55% (223/404)[Kremote: Counting objects:  56% (227/404)[Kremote: Counting objects:  57% (231/404)[Kremote: Counting objects:  58% (235/404)[Kremote: Counting objects:  59% (239/404)[Kremote: Counting objects:  60% (243/404)[Kremote: Counting objects:  61% (247/404)[Kremote: Counting objects:  62% (251/404)[Kremote: Counting objects:  63% (255/404)[Kremote: Counting objects:  64% (259/404)[Kremote: Counting objects:  65% (263/404)[Kremote: Counting objects:  66% (267/404)[Kremote: Counting objects:  67% (271/404)[Kremote: Counting objects:  68% (275/404)[Kremote: Counting objects:  69% (279/404)[Kremote: Counting objects:  70% (283/404)[Kremote: Counting objects:  71% (287/404)[Kremote: Counting objects:  72% (291/404)[Kremote: Counting objects:  73% (295/404)[Kremote: Counting objects:  74% (299/404)[Kremote: Counting objects:  75% (303/404)[Kremote: Counting objects:  76% (308/404)[Kremote: Counting objects:  77% (312/404)[Kremote: Counting objects:  78% (316/404)[Kremote: Counting objects:  79% (320/404)[Kremote: Counting objects:  80% (324/404)[Kremote: Counting objects:  81% (328/404)[Kremote: Counting objects:  82% (332/404)[Kremote: Counting objects:  83% (336/404)[Kremote: Counting objects:  84% (340/404)[Kremote: Counting objects:  85% (344/404)[Kremote: Counting objects:  86% (348/404)[Kremote: Counting objects:  87% (352/404)[Kremote: Counting objects:  88% (356/404)[Kremote: Counting objects:  89% (360/404)[Kremote: Counting objects:  90% (364/404)[Kremote: Counting objects:  91% (368/404)[Kremote: Counting objects:  92% (372/404)[Kremote: Counting objects:  93% (376/404)[Kremote: Counting objects:  94% (380/404)[Kremote: Counting objects:  95% (384/404)[Kremote: Counting objects:  96% (388/404)[Kremote: Counting objects:  97% (392/404)[Kremote: Counting objects:  98% (396/404)[Kremote: Counting objects:  99% (400/404)[Kremote: Counting objects: 100% (404/404)[Kremote: Counting objects: 100% (404/404), done.[K
remote: Compressing objects:   0% (1/384)[Kremote: Compressing objects:   1% (4/384)[Kremote: Compressing objects:   2% (8/384)[Kremote: Compressing objects:   3% (12/384)[Kremote: Compressing objects:   4% (16/384)[Kremote: Compressing objects:   5% (20/384)[Kremote: Compressing objects:   6% (24/384)[Kremote: Compressing objects:   7% (27/384)[Kremote: Compressing objects:   8% (31/384)[Kremote: Compressing objects:   9% (35/384)[Kremote: Compressing objects:  10% (39/384)[Kremote: Compressing objects:  11% (43/384)[Kremote: Compressing objects:  12% (47/384)[Kremote: Compressing objects:  13% (50/384)[Kremote: Compressing objects:  14% (54/384)[Kremote: Compressing objects:  15% (58/384)[Kremote: Compressing objects:  16% (62/384)[Kremote: Compressing objects:  17% (66/384)[Kremote: Compressing objects:  18% (70/384)[Kremote: Compressing objects:  19% (73/384)[Kremote: Compressing objects:  20% (77/384)[Kremote: Compressing objects:  21% (81/384)[Kremote: Compressing objects:  22% (85/384)[Kremote: Compressing objects:  23% (89/384)[Kremote: Compressing objects:  24% (93/384)[Kremote: Compressing objects:  25% (96/384)[Kremote: Compressing objects:  26% (100/384)[Kremote: Compressing objects:  27% (104/384)[Kremote: Compressing objects:  28% (108/384)[Kremote: Compressing objects:  29% (112/384)[Kremote: Compressing objects:  30% (116/384)[Kremote: Compressing objects:  31% (120/384)[Kremote: Compressing objects:  32% (123/384)[Kremote: Compressing objects:  33% (127/384)[Kremote: Compressing objects:  34% (131/384)[Kremote: Compressing objects:  35% (135/384)[Kremote: Compressing objects:  36% (139/384)[Kremote: Compressing objects:  37% (143/384)[Kremote: Compressing objects:  38% (146/384)[Kremote: Compressing objects:  39% (150/384)[Kremote: Compressing objects:  40% (154/384)[Kremote: Compressing objects:  41% (158/384)[Kremote: Compressing objects:  42% (162/384)[Kremote: Compressing objects:  43% (166/384)[Kremote: Compressing objects:  44% (169/384)[Kremote: Compressing objects:  45% (173/384)[Kremote: Compressing objects:  46% (177/384)[Kremote: Compressing objects:  47% (181/384)[Kremote: Compressing objects:  48% (185/384)[Kremote: Compressing objects:  49% (189/384)[Kremote: Compressing objects:  50% (192/384)[Kremote: Compressing objects:  51% (196/384)[Kremote: Compressing objects:  52% (200/384)[Kremote: Compressing objects:  53% (204/384)[Kremote: Compressing objects:  54% (208/384)[Kremote: Compressing objects:  55% (212/384)[Kremote: Compressing objects:  56% (216/384)[Kremote: Compressing objects:  57% (219/384)[Kremote: Compressing objects:  58% (223/384)[Kremote: Compressing objects:  59% (227/384)[Kremote: Compressing objects:  60% (231/384)[Kremote: Compressing objects:  61% (235/384)[Kremote: Compressing objects:  62% (239/384)[Kremote: Compressing objects:  63% (242/384)[Kremote: Compressing objects:  64% (246/384)[Kremote: Compressing objects:  65% (250/384)[Kremote: Compressing objects:  66% (254/384)[Kremote: Compressing objects:  67% (258/384)[Kremote: Compressing objects:  68% (262/384)[Kremote: Compressing objects:  69% (265/384)[Kremote: Compressing objects:  70% (269/384)[Kremote: Compressing objects:  71% (273/384)[Kremote: Compressing objects:  72% (277/384)[Kremote: Compressing objects:  73% (281/384)[Kremote: Compressing objects:  74% (285/384)[Kremote: Compressing objects:  75% (288/384)[Kremote: Compressing objects:  76% (292/384)[Kremote: Compressing objects:  77% (296/384)[Kremote: Compressing objects:  78% (300/384)[Kremote: Compressing objects:  79% (304/384)[Kremote: Compressing objects:  80% (308/384)[Kremote: Compressing objects:  81% (312/384)[Kremote: Compressing objects:  82% (315/384)[Kremote: Compressing objects:  83% (319/384)[Kremote: Compressing objects:  84% (323/384)[Kremote: Compressing objects:  85% (327/384)[Kremote: Compressing objects:  86% (331/384)[Kremote: Compressing objects:  87% (335/384)[Kremote: Compressing objects:  88% (338/384)[Kremote: Compressing objects:  89% (342/384)[Kremote: Compressing objects:  90% (346/384)[Kremote: Compressing objects:  91% (350/384)[Kremote: Compressing objects:  92% (354/384)[Kremote: Compressing objects:  93% (358/384)[Kremote: Compressing objects:  94% (361/384)[Kremote: Compressing objects:  95% (365/384)[Kremote: Compressing objects:  96% (369/384)[Kremote: Compressing objects:  97% (373/384)[Kremote: Compressing objects:  98% (377/384)[Kremote: Compressing objects:  99% (381/384)[Kremote: Compressing objects: 100% (384/384)[Kremote: Compressing objects: 100% (384/384), done.[K
Receiving objects:   0% (1/404)Receiving objects:   1% (5/404)Receiving objects:   2% (9/404)Receiving objects:   3% (13/404)Receiving objects:   4% (17/404)Receiving objects:   5% (21/404)Receiving objects:   6% (25/404)Receiving objects:   7% (29/404)Receiving objects:   8% (33/404)Receiving objects:   9% (37/404)Receiving objects:  10% (41/404)Receiving objects:  11% (45/404)Receiving objects:  12% (49/404)Receiving objects:  13% (53/404)Receiving objects:  14% (57/404)Receiving objects:  15% (61/404)Receiving objects:  16% (65/404)Receiving objects:  17% (69/404)Receiving objects:  18% (73/404)Receiving objects:  19% (77/404)Receiving objects:  20% (81/404)Receiving objects:  21% (85/404)Receiving objects:  22% (89/404)Receiving objects:  23% (93/404)Receiving objects:  24% (97/404)Receiving objects:  25% (101/404)Receiving objects:  26% (106/404)Receiving objects:  27% (110/404)Receiving objects:  28% (114/404)Receiving objects:  29% (118/404)Receiving objects:  30% (122/404)Receiving objects:  31% (126/404)Receiving objects:  32% (130/404)Receiving objects:  33% (134/404)Receiving objects:  34% (138/404)Receiving objects:  35% (142/404)Receiving objects:  36% (146/404)Receiving objects:  37% (150/404)Receiving objects:  38% (154/404)Receiving objects:  39% (158/404)Receiving objects:  40% (162/404)Receiving objects:  41% (166/404)Receiving objects:  42% (170/404)Receiving objects:  43% (174/404)Receiving objects:  44% (178/404)Receiving objects:  45% (182/404)Receiving objects:  46% (186/404)Receiving objects:  47% (190/404)Receiving objects:  48% (194/404)Receiving objects:  49% (198/404)Receiving objects:  50% (202/404)Receiving objects:  51% (207/404)Receiving objects:  52% (211/404)Receiving objects:  53% (215/404)Receiving objects:  54% (219/404)Receiving objects:  55% (223/404)Receiving objects:  56% (227/404)Receiving objects:  57% (231/404)Receiving objects:  58% (235/404)Receiving objects:  59% (239/404)Receiving objects:  60% (243/404)Receiving objects:  61% (247/404)Receiving objects:  62% (251/404)Receiving objects:  63% (255/404)Receiving objects:  64% (259/404)Receiving objects:  65% (263/404)Receiving objects:  66% (267/404)Receiving objects:  67% (271/404)Receiving objects:  68% (275/404)Receiving objects:  69% (279/404)Receiving objects:  70% (283/404)Receiving objects:  71% (287/404)Receiving objects:  72% (291/404)Receiving objects:  73% (295/404)Receiving objects:  74% (299/404)Receiving objects:  75% (303/404)Receiving objects:  76% (308/404)Receiving objects:  77% (312/404)Receiving objects:  78% (316/404)Receiving objects:  79% (320/404)Receiving objects:  80% (324/404)Receiving objects:  81% (328/404)Receiving objects:  82% (332/404)Receiving objects:  83% (336/404)Receiving objects:  84% (340/404)Receiving objects:  85% (344/404)Receiving objects:  86% (348/404)Receiving objects:  87% (352/404)Receiving objects:  88% (356/404)Receiving objects:  89% (360/404)Receiving objects:  90% (364/404)Receiving objects:  91% (368/404)Receiving objects:  92% (372/404)Receiving objects:  93% (376/404)Receiving objects:  94% (380/404)remote: Total 404 (delta 170), reused 0 (delta 0), pack-reused 0[K
Receiving objects:  95% (384/404)Receiving objects:  96% (388/404)Receiving objects:  97% (392/404)Receiving objects:  98% (396/404)Receiving objects:  99% (400/404)Receiving objects: 100% (404/404)Receiving objects: 100% (404/404), 1.55 MiB | 8.20 MiB/s, done.
Resolving deltas:   0% (0/170)Resolving deltas:   1% (2/170)Resolving deltas:   2% (4/170)Resolving deltas:   3% (6/170)Resolving deltas:   4% (7/170)Resolving deltas:   5% (9/170)Resolving deltas:   6% (11/170)Resolving deltas:   7% (12/170)Resolving deltas:   8% (14/170)Resolving deltas:   9% (16/170)Resolving deltas:  10% (17/170)Resolving deltas:  11% (19/170)Resolving deltas:  12% (21/170)Resolving deltas:  13% (23/170)Resolving deltas:  14% (24/170)Resolving deltas:  15% (26/170)Resolving deltas:  16% (28/170)Resolving deltas:  17% (29/170)Resolving deltas:  18% (31/170)Resolving deltas:  20% (34/170)Resolving deltas:  21% (36/170)Resolving deltas:  22% (38/170)Resolving deltas:  23% (40/170)Resolving deltas:  24% (41/170)Resolving deltas:  25% (43/170)Resolving deltas:  26% (45/170)Resolving deltas:  27% (46/170)Resolving deltas:  28% (48/170)Resolving deltas:  29% (50/170)Resolving deltas:  30% (51/170)Resolving deltas:  31% (53/170)Resolving deltas:  32% (55/170)Resolving deltas:  34% (58/170)Resolving deltas:  35% (60/170)Resolving deltas:  36% (62/170)Resolving deltas:  37% (63/170)Resolving deltas:  38% (65/170)Resolving deltas:  39% (67/170)Resolving deltas:  40% (68/170)Resolving deltas:  41% (70/170)Resolving deltas:  42% (72/170)Resolving deltas:  43% (74/170)Resolving deltas:  44% (75/170)Resolving deltas:  45% (77/170)Resolving deltas:  46% (79/170)Resolving deltas:  47% (80/170)Resolving deltas:  48% (82/170)Resolving deltas:  49% (84/170)Resolving deltas:  50% (85/170)Resolving deltas:  51% (87/170)Resolving deltas:  52% (89/170)Resolving deltas:  53% (91/170)Resolving deltas:  54% (92/170)Resolving deltas:  55% (94/170)Resolving deltas:  56% (96/170)Resolving deltas:  57% (97/170)Resolving deltas:  58% (99/170)Resolving deltas:  59% (101/170)Resolving deltas:  60% (102/170)Resolving deltas:  61% (104/170)Resolving deltas:  62% (106/170)Resolving deltas:  63% (108/170)Resolving deltas:  64% (109/170)Resolving deltas:  65% (111/170)Resolving deltas:  66% (113/170)Resolving deltas:  67% (114/170)Resolving deltas:  68% (116/170)Resolving deltas:  69% (118/170)Resolving deltas:  70% (119/170)Resolving deltas:  71% (121/170)Resolving deltas:  72% (123/170)Resolving deltas:  73% (125/170)Resolving deltas:  74% (126/170)Resolving deltas:  75% (128/170)Resolving deltas:  76% (130/170)Resolving deltas:  77% (131/170)Resolving deltas:  78% (133/170)Resolving deltas:  79% (135/170)Resolving deltas:  80% (136/170)Resolving deltas:  81% (138/170)Resolving deltas:  82% (140/170)Resolving deltas:  83% (142/170)Resolving deltas:  84% (143/170)Resolving deltas:  85% (145/170)Resolving deltas:  86% (147/170)Resolving deltas:  87% (148/170)Resolving deltas:  88% (150/170)Resolving deltas:  89% (152/170)Resolving deltas:  90% (153/170)Resolving deltas:  91% (155/170)Resolving deltas:  92% (157/170)Resolving deltas:  93% (159/170)Resolving deltas:  94% (160/170)Resolving deltas:  95% (162/170)Resolving deltas:  96% (164/170)Resolving deltas:  97% (165/170)Resolving deltas:  98% (167/170)Resolving deltas:  99% (169/170)Resolving deltas: 100% (170/170)Resolving deltas: 100% (170/170), done.
kmoshie1@remote05:~/projects$ ls
cs471
kmoshie1@remote05:~/projects$ cd ~
kmoshie1@remote05:~$ ln -s prjects[K[K[K[K[Kojects/cs471/[K .
kmoshie1@remote05:~$ ls
Arduino  cs471	Desktop  Documents  Downloads  media  Music  Pictures  projects  Public  Templates  tmp  Videos
kmoshie1@remote05:~$ cd projects/cs471/
kmoshie1@remote05:~/projects/cs471$ git pull
warning: Pulling without specifying how to reconcile divergent branches is
discouraged. You can squelch this message by running one of the following
commands sometime before your next pull:

  git config pull.rebase false  # merge (the default strategy)
  git config pull.rebase true   # rebase
  git config pull.ff only       # fast-forward only

You can replace "git config" with "git config --global" to set a default
preference for all repositories. You can also pass --rebase, --no-rebase,
or --ff-only on the command line to override the configured default per
invocation.

Already up to date.
kmoshie1@remote05:~/projects/cs471$ cd ~
kmoshie1@remote05:~$ cd ~git pullcd projects/cs471/
kmoshie1@remote05:~/projects/cs471$ git log 0[K-5
[?1h=[33mcommit 033feef3528f034d73cc60f5c49f49186b8b2dbd[m[33m ([m[1;36mHEAD -> [m[1;32mmaster[m[33m, [m[1;31morigin/master[m[33m, [m[1;31morigin/HEAD[m[33m)[m[m
Author: zerksis umrigar <umrigar@binghamton.edu>[m
Date:   Wed Feb 17 15:30:29 2021 -0500[m
[m
    added class doodles[m
[m
[33mcommit df8cb76c127aab62962eaf5e76f4e62659e82f76[m[m
Author: zerksis umrigar <umrigar@binghamton.edu>[m
Date:   Wed Feb 17 12:38:39 2021 -0500[m
[m
    syntax slides update[m
[m
[33mcommit d1cc625136e94513c3b28b86ad8cc48fc986a285[m[m
Author: zerksis umrigar <umrigar@binghamton.edu>[m
Date:   Mon Feb 15 20:56:13 2021 -0500[m
[m
    added lab0[m
[m
[33mcommit 83a44b146fb07f2c56dc64eda3bd358332777681[m[m
Author: zerksis umrigar <umrigar@binghamton.edu>[m
Date:   Mon Feb 15 19:28:24 2021 -0500[m
[m
    videos + doodles[m
[m
[33mcommit 9b8fe47754e98c71f20bf53c166b948afb299fb8[m[m
Author: zerksis umrigar <umrigar@binghamton.edu>[m
Date:   Mon Feb 15 12:19:45 2021 -0500[m
[m
    update syntax slides[m
[K[?1l>kmoshie1@remote05:~/projects/cs471$ git log -s[K3 labs/lab0/[K.umt
fatal: ambiguous argument 'labs/lab0.umt': unknown revision or path not in the working tree.
Use '--' to separate paths from revisions, like this:
'git <command> [<revision>...] -- [<file>...]'
kmoshie1@remote05:~/projects/cs471$ ls
announce.html  assets  docs	  hws	      index.umt  misc	   README.md  umt.make
announce.umt   bin     exercises  index.html  labs	 projects  slides
kmoshie1@remote05:~/projects/cs471$ ls labs
index.html  index.umt  lab0  presentation  working
kmoshie1@remote05:~/projects/cs471$ git diff -r
[?1h=[K[?1l>kmoshie1@remote05:~/projects/cs471$ ls
announce.html  assets  docs	  hws	      index.umt  misc	   README.md  umt.make
announce.umt   bin     exercises  index.html  labs	 projects  slides
kmoshie1@remote05:~/projects/cs471$ cd ~
kmoshie1@remote05:~$ gedit .profile &
[1] 2079339
kmoshie1@remote05:~$ 
(gedit:2079339): Gtk-[1;33mWARNING[0m **: [34m10:12:44.252[0m: Calling org.xfce.Session.Manager.Inhibit failed: GDBus.Error:org.freedesktop.DBus.Error.UnknownMethod: Method "Inhibit" with signature "susu" on interface "org.xfce.Session.Manager" doesn't exist

gedit .bashrc &
[2] 2079462
[1]   Done                    gedit .profile
kmoshie1@remote05:~$ 
(gedit:2079462): Gtk-[1;33mWARNING[0m **: [34m10:13:08.428[0m: Calling org.xfce.Session.Manager.Inhibit failed: GDBus.Error:org.freedesktop.DBus.Error.UnknownMethod: Method "Inhibit" with signature "susu" on interface "org.xfce.Session.Manager" doesn't exist

ls
Arduino  cs471	Desktop  Documents  Downloads  media  Music  Pictures  projects  Public  Templates  tmp  Videos
[2]+  Done                    gedit .bashrc
kmoshie1@remote05:~$ clear
[H[2J[3Jkmoshie1@remote05:~$ cd projects/
kmoshie1@remote05:~/projects$ ls
cs471
kmoshie1@remote05:~/projects$ git clone ssahabh1@binghamton.edu[K[K[K[K[K[K[K[K[K[K[K[K[K[K[K[K[K[K[K[K[K[K[Khttps://github.com/kmoshie1/i471a.git
Cloning into 'i471a'...
remote: Enumerating objects: 4, done.[K
remote: Counting objects:  25% (1/4)[Kremote: Counting objects:  50% (2/4)[Kremote: Counting objects:  75% (3/4)[Kremote: Counting objects: 100% (4/4)[Kremote: Counting objects: 100% (4/4), done.[K
remote: Compressing objects:  33% (1/3)[Kremote: Compressing objects:  66% (2/3)[Kremote: Compressing objects: 100% (3/3)[Kremote: Compressing objects: 100% (3/3), done.[K
remote: Total 4 (delta 0), reused 0 (delta 0), pack-reused 0[K
Receiving objects:  25% (1/4)Receiving objects:  50% (2/4)Receiving objects:  75% (3/4)Receiving objects: 100% (4/4)Receiving objects: 100% (4/4), done.
kmoshie1@remote05:~/projects$ ls
cs471  i471a
kmoshie1@remote05:~/projects$ lsgit clone https://github.com/kmoshie1/i471a.git[C[C[C[C[C[C[C[C[C[C[C[C[C[C[C[C[C[C[C[C[C[C[C[C[C[C[C[C[C[Cls[Kcd projects/[7Plear[3Plsgedit .bashrc &[1@profile[C[Ccd ~[K[2Plsgit diff -r[4Pls labs[Kgit log -3 labs/lab0.umt5[Kcd projects/cs471/~[Kgit pullcd projects/cs471/ls[Kn -s projects/cs471 .cd ~[Kln -s projects/cs471 .[C[1P .[1P .[1P .[1P .[1P .i .4 .7 .1 .a .[1P .[1P .[1P .[1P .[1P .[1P .[1P .[1P .[1P .[1P .[1P .[1P .[1P .[1P .[1P.[1P .[1P .[1P.[1P .[1P .[1P.[Kcd ~
kmoshie1@remote05:~$ ln -s projects/i471a .
kmoshie1@remote05:~$ ls
Arduino  cs471	Desktop  Documents  Downloads  i471a  media  Music  Pictures  projects	Public	Templates  tmp	Videos
kmoshie1@remote05:~$ cd i471a
kmoshie1@remote05:~/i471a$ ls
README.md
kmoshie1@remote05:~/i471a$ mkdir submit
kmoshie1@remote05:~/i471a$ ls
README.md  submit
kmoshie1@remote05:~/i471a$ git status
On branch main
Your branch is up to date with 'origin/main'.

nothing to commit, working tree clean
kmoshie1@remote05:~/i471a$ clear
[H[2J[3Jkmoshie1@remote05:~/i471a$ cd ~
kmoshie1@remote05:~$ ls -dl ~/cs471 ~/i471X[Ka
lrwxrwxrwx 1 kmoshie1 kmoshie1 14 Feb 18 10:09 /home/kmoshie1/cs471 -> projects/cs471
lrwxrwxrwx 1 kmoshie1 kmoshie1 14 Feb 18 10:17 /home/kmoshie1/i471a -> projects/i471a
kmoshie1@remote05:~$ l[Kls -l ~/.ssh ~/cs471 ~/i471X[Ka
lrwxrwxrwx 1 kmoshie1 kmoshie1 14 Feb 18 10:09 /home/kmoshie1/cs471 -> projects/cs471
lrwxrwxrwx 1 kmoshie1 kmoshie1 14 Feb 18 10:17 /home/kmoshie1/i471a -> projects/i471a

/home/kmoshie1/.ssh:
total 16
-rw------- 1 kmoshie1 kmoshie1  571 Feb 17 21:18 authorized_keys
-rw------- 1 kmoshie1 kmoshie1 2602 Feb 17 21:16 id_rsa
-rw-r----- 1 kmoshie1 kmoshie1  571 Feb 17 21:16 id_rsa.pub
-rw-r--r-- 1 kmoshie1 kmoshie1  666 Feb 17 21:51 known_hosts
kmoshie1@remote05:~$ cd i471a
kmoshie1@remote05:~/i471a$ git c h[K[Kheckout -b lab0
Switched to a new branch 'lab0'
kmoshie1@remote05:~/i471a$ mkf[Kdir -p submit
kmoshie1@remote05:~/i471a$ ls
README.md  submit
kmoshie1@remote05:~/i471a$ exit

Script done on 2021-02-18 10:20:39-05:00 [COMMAND_EXIT_CODE="0"]
